MPLINK 5.08, LINKER
Linker Map File - Created Mon Mar 19 18:58:40 2018

                                 Section Info
                  Section       Type    Address   Location Size(Bytes)
                ---------  ---------  ---------  ---------  ---------
                   .org_0       code   0x000000    program   0x000000
                   .org_2       code   0x000000    program   0x000002
                   .org_3       code   0x000004    program   0x0000f8
.config_2007_/HOME/FELIPE/DOCUMENTOS/UNIVERSI       code   0x002007    program   0x000002
                   .org_1       code   0x002100    program   0x000050



                              Program Memory Usage 
                               Start         End      
                           ---------   ---------      
                            0x000000    0x000000      
                            0x000004    0x00007f      
                            0x002007    0x002007      
                            0x002100    0x002127      
            166 out of 1158 program addresses used, program memory utilization is 14%



                              Symbols - Sorted by Name
                     Name    Address   Location    Storage File                     
                ---------  ---------  ---------  --------- ---------                
              ACHOU_MENOR   0x000051    program     static /home/felipe/Documentos/Universidade/microcontroladores/projetos/av2_atv1.X/atv4.ASM
                  AGUARDA   0x00001f    program     static /home/felipe/Documentos/Universidade/microcontroladores/projetos/av2_atv1.X/atv4.ASM
                      FIM   0x00007f    program     static /home/felipe/Documentos/Universidade/microcontroladores/projetos/av2_atv1.X/atv4.ASM
          GRAVANDO_EEPROM   0x000076    program     static /home/felipe/Documentos/Universidade/microcontroladores/projetos/av2_atv1.X/atv4.ASM
             GRAVA_EEPROM   0x000013    program     static /home/felipe/Documentos/Universidade/microcontroladores/projetos/av2_atv1.X/atv4.ASM
                   INICIO   0x000025    program     static /home/felipe/Documentos/Universidade/microcontroladores/projetos/av2_atv1.X/atv4.ASM
                LE_EEPROM   0x00000c    program     static /home/felipe/Documentos/Universidade/microcontroladores/projetos/av2_atv1.X/atv4.ASM
                     MAIN   0x000034    program     static /home/felipe/Documentos/Universidade/microcontroladores/projetos/av2_atv1.X/atv4.ASM
                     NEXT   0x000038    program     static /home/felipe/Documentos/Universidade/microcontroladores/projetos/av2_atv1.X/atv4.ASM
                  ORDENAR   0x000049    program     static /home/felipe/Documentos/Universidade/microcontroladores/projetos/av2_atv1.X/atv4.ASM
               PSEUDO_FIM   0x00006d    program     static /home/felipe/Documentos/Universidade/microcontroladores/projetos/av2_atv1.X/atv4.ASM
                  SAI_INT   0x000007    program     static /home/felipe/Documentos/Universidade/microcontroladores/projetos/av2_atv1.X/atv4.ASM
               SUBROTINA1   0x000024    program     static /home/felipe/Documentos/Universidade/microcontroladores/projetos/av2_atv1.X/atv4.ASM
                   TROCAR   0x000057    program     static /home/felipe/Documentos/Universidade/microcontroladores/projetos/av2_atv1.X/atv4.ASM



                              Symbols - Sorted by Address
                     Name    Address   Location    Storage File                     
                ---------  ---------  ---------  --------- ---------                
                  SAI_INT   0x000007    program     static /home/felipe/Documentos/Universidade/microcontroladores/projetos/av2_atv1.X/atv4.ASM
                LE_EEPROM   0x00000c    program     static /home/felipe/Documentos/Universidade/microcontroladores/projetos/av2_atv1.X/atv4.ASM
             GRAVA_EEPROM   0x000013    program     static /home/felipe/Documentos/Universidade/microcontroladores/projetos/av2_atv1.X/atv4.ASM
                  AGUARDA   0x00001f    program     static /home/felipe/Documentos/Universidade/microcontroladores/projetos/av2_atv1.X/atv4.ASM
               SUBROTINA1   0x000024    program     static /home/felipe/Documentos/Universidade/microcontroladores/projetos/av2_atv1.X/atv4.ASM
                   INICIO   0x000025    program     static /home/felipe/Documentos/Universidade/microcontroladores/projetos/av2_atv1.X/atv4.ASM
                     MAIN   0x000034    program     static /home/felipe/Documentos/Universidade/microcontroladores/projetos/av2_atv1.X/atv4.ASM
                     NEXT   0x000038    program     static /home/felipe/Documentos/Universidade/microcontroladores/projetos/av2_atv1.X/atv4.ASM
                  ORDENAR   0x000049    program     static /home/felipe/Documentos/Universidade/microcontroladores/projetos/av2_atv1.X/atv4.ASM
              ACHOU_MENOR   0x000051    program     static /home/felipe/Documentos/Universidade/microcontroladores/projetos/av2_atv1.X/atv4.ASM
                   TROCAR   0x000057    program     static /home/felipe/Documentos/Universidade/microcontroladores/projetos/av2_atv1.X/atv4.ASM
               PSEUDO_FIM   0x00006d    program     static /home/felipe/Documentos/Universidade/microcontroladores/projetos/av2_atv1.X/atv4.ASM
          GRAVANDO_EEPROM   0x000076    program     static /home/felipe/Documentos/Universidade/microcontroladores/projetos/av2_atv1.X/atv4.ASM
                      FIM   0x00007f    program     static /home/felipe/Documentos/Universidade/microcontroladores/projetos/av2_atv1.X/atv4.ASM


