MPLINK 5.08, LINKER
Linker Map File - Created Tue Apr 10 07:55:03 2018

                                 Section Info
                  Section       Type    Address   Location Size(Bytes)
                ---------  ---------  ---------  ---------  ---------
                   .org_0       code   0x000000    program   0x000000
                   .org_1       code   0x000000    program   0x000002
                   .org_2       code   0x000004    program   0x0000de
.config_2007_/HOME/FELIPE/DOCUMENTOS/UNIVERSI       code   0x002007    program   0x000002



                              Program Memory Usage 
                               Start         End      
                           ---------   ---------      
                            0x000000    0x000000      
                            0x000004    0x000072      
                            0x002007    0x002007      
            113 out of 1158 program addresses used, program memory utilization is 9%



                              Symbols - Sorted by Name
                     Name    Address   Location    Storage File                     
                ---------  ---------  ---------  --------- ---------                
                  DISPLAY   0x00005c    program     static /home/felipe/Documentos/Universidade/microcontroladores/projetos/av2_atv3.X/avt3.ASM
                   INICIO   0x00000f    program     static /home/felipe/Documentos/Universidade/microcontroladores/projetos/av2_atv3.X/avt3.ASM
                     MAIN   0x00001b    program     static /home/felipe/Documentos/Universidade/microcontroladores/projetos/av2_atv3.X/avt3.ASM
                  SAI_INT   0x000007    program     static /home/felipe/Documentos/Universidade/microcontroladores/projetos/av2_atv3.X/avt3.ASM
               SUBROTINA1   0x00000c    program     static /home/felipe/Documentos/Universidade/microcontroladores/projetos/av2_atv3.X/avt3.ASM
                     ZERO   0x00000d    program     static /home/felipe/Documentos/Universidade/microcontroladores/projetos/av2_atv3.X/avt3.ASM



                              Symbols - Sorted by Address
                     Name    Address   Location    Storage File                     
                ---------  ---------  ---------  --------- ---------                
                  SAI_INT   0x000007    program     static /home/felipe/Documentos/Universidade/microcontroladores/projetos/av2_atv3.X/avt3.ASM
               SUBROTINA1   0x00000c    program     static /home/felipe/Documentos/Universidade/microcontroladores/projetos/av2_atv3.X/avt3.ASM
                     ZERO   0x00000d    program     static /home/felipe/Documentos/Universidade/microcontroladores/projetos/av2_atv3.X/avt3.ASM
                   INICIO   0x00000f    program     static /home/felipe/Documentos/Universidade/microcontroladores/projetos/av2_atv3.X/avt3.ASM
                     MAIN   0x00001b    program     static /home/felipe/Documentos/Universidade/microcontroladores/projetos/av2_atv3.X/avt3.ASM
                  DISPLAY   0x00005c    program     static /home/felipe/Documentos/Universidade/microcontroladores/projetos/av2_atv3.X/avt3.ASM


